#
# There is insufficient memory for the Java Runtime Environment to continue.
# Native memory allocation (malloc) failed to allocate 32744 bytes. Error detail: Chunk::new
# Possible reasons:
#   The system is out of physical RAM or swap space
#   This process is running with CompressedOops enabled, and the Java Heap may be blocking the growth of the native heap
# Possible solutions:
#   Reduce memory load on the system
#   Increase physical memory or swap space
#   Check if swap backing store is full
#   Decrease Java heap size (-Xmx/-Xms)
#   Decrease number of Java threads
#   Decrease Java thread stack sizes (-Xss)
#   Set larger code cache with -XX:ReservedCodeCacheSize=
#   JVM is running with Zero Based Compressed Oops mode in which the Java heap is
#     placed in the first 32GB address space. The Java Heap base address is the
#     maximum limit for the native heap growth. Please use -XX:HeapBaseMinAddress
#     to set the Java Heap base and to place the Java Heap above 32GB virtual address.
# This output file may be truncated or incomplete.
#
#  Out of Memory Error (arena.cpp:168), pid=25204, tid=8628
#
# JRE version: OpenJDK Runtime Environment JBR-21.0.9+1-1163.86-jcef (21.0.9+1) (build 21.0.9+1-b1163.86)
# Java VM: OpenJDK 64-Bit Server VM JBR-21.0.9+1-1163.86-jcef (21.0.9+1-b1163.86, mixed mode, sharing, tiered, compressed oops, compressed class ptrs, g1 gc, windows-amd64)
# No core dump will be written. Minidumps are not enabled by default on client versions of Windows
#

---------------  S U M M A R Y ------------

Command Line: git4idea.http.GitAskPassApp Password for 'https://geloquan@github.com': 

Host: AMD Ryzen 5 3600 6-Core Processor              , 12 cores, 31G,  Windows 11 , 64 bit Build 26100 (10.0.26100.6725)
Time: Sat Jan 24 04:09:34 2026 Malay Peninsula Standard Time elapsed time: 0.181202 seconds (0d 0h 0m 0s)

---------------  T H R E A D  ---------------

Current thread (0x000001de6f01dd50):  JavaThread "C2 CompilerThread0" daemon [_thread_in_native, id=8628, stack(0x00000009e7d00000,0x00000009e7e00000) (1024K)]


Current CompileTask:
C2:181  126       4       java.lang.String::hashCode (60 bytes)

Stack: [0x00000009e7d00000,0x00000009e7e00000]
Native frames: (J=compiled Java code, j=interpreted, Vv=VM code, C=native code)
V  [jvm.dll+0x6ec339]
V  [jvm.dll+0x8cc463]
V  [jvm.dll+0x8cea7e]
V  [jvm.dll+0x8cf163]
V  [jvm.dll+0x28b006]
V  [jvm.dll+0xc6f3d]
V  [jvm.dll+0xc7473]
V  [jvm.dll+0x678885]
V  [jvm.dll+0x679fbb]
V  [jvm.dll+0x6783ae]
V  [jvm.dll+0x251e1f]
V  [jvm.dll+0x251571]
V  [jvm.dll+0x1ceb04]
V  [jvm.dll+0x260e0e]
V  [jvm.dll+0x25f356]
V  [jvm.dll+0x4031b6]
V  [jvm.dll+0x874178]
V  [jvm.dll+0x6eaabd]
C  [ucrtbase.dll+0x37b0]
C  [KERNEL32.DLL+0x2e8d7]
C  [ntdll.dll+0x8c53c]


---------------  P R O C E S S  ---------------

Threads class SMR info:
_java_thread_list=0x000001de6f159f70, length=11, elements={
0x000001de066751d0, 0x000001de6f00f610, 0x000001de6f015860, 0x000001de6f01a490,
0x000001de6f01b0a0, 0x000001de6f01bb00, 0x000001de6f01c560, 0x000001de6f01cfc0,
0x000001de6f01dd50, 0x000001de6f01eb50, 0x000001de6f178ca0
}

Java Threads: ( => current thread )
  0x000001de066751d0 JavaThread "main"                              [_thread_in_Java, id=16728, stack(0x00000009e6e00000,0x00000009e6f00000) (1024K)]
  0x000001de6f00f610 JavaThread "Common-Cleaner"             daemon [_thread_blocked, id=32800, stack(0x00000009e7600000,0x00000009e7700000) (1024K)]
  0x000001de6f015860 JavaThread "Reference Handler"          daemon [_thread_blocked, id=33712, stack(0x00000009e7700000,0x00000009e7800000) (1024K)]
  0x000001de6f01a490 JavaThread "Finalizer"                  daemon [_thread_blocked, id=13972, stack(0x00000009e7800000,0x00000009e7900000) (1024K)]
  0x000001de6f01b0a0 JavaThread "Signal Dispatcher"          daemon [_thread_blocked, id=31560, stack(0x00000009e7900000,0x00000009e7a00000) (1024K)]
  0x000001de6f01bb00 JavaThread "Attach Listener"            daemon [_thread_blocked, id=23016, stack(0x00000009e7a00000,0x00000009e7b00000) (1024K)]
  0x000001de6f01c560 JavaThread "Service Thread"             daemon [_thread_blocked, id=11680, stack(0x00000009e7b00000,0x00000009e7c00000) (1024K)]
  0x000001de6f01cfc0 JavaThread "Monitor Deflation Thread"   daemon [_thread_blocked, id=7508, stack(0x00000009e7c00000,0x00000009e7d00000) (1024K)]
=>0x000001de6f01dd50 JavaThread "C2 CompilerThread0"         daemon [_thread_in_native, id=8628, stack(0x00000009e7d00000,0x00000009e7e00000) (1024K)]
  0x000001de6f01eb50 JavaThread "C1 CompilerThread0"         daemon [_thread_in_native, id=33240, stack(0x00000009e7e00000,0x00000009e7f00000) (1024K)]
  0x000001de6f178ca0 JavaThread "Notification Thread"        daemon [_thread_blocked, id=11524, stack(0x00000009e7f00000,0x00000009e8000000) (1024K)]
Total: 11

Other Threads:
  0x000001de285036a0 VMThread "VM Thread"                           [id=364, stack(0x00000009e7500000,0x00000009e7600000) (1024K)]
  0x000001de284f3010 WatcherThread "VM Periodic Task Thread"        [id=32072, stack(0x00000009e7400000,0x00000009e7500000) (1024K)]
  0x000001de08c23160 WorkerThread "GC Thread#0"                     [id=32976, stack(0x00000009e6f00000,0x00000009e7000000) (1024K)]
  0x000001de08c340d0 ConcurrentGCThread "G1 Main Marker"            [id=13192, stack(0x00000009e7000000,0x00000009e7100000) (1024K)]
  0x000001de08c34bd0 WorkerThread "G1 Conc#0"                       [id=29764, stack(0x00000009e7100000,0x00000009e7200000) (1024K)]
  0x000001de283ab7a0 ConcurrentGCThread "G1 Refine#0"               [id=15732, stack(0x00000009e7200000,0x00000009e7300000) (1024K)]
  0x000001de283ae330 ConcurrentGCThread "G1 Service"                [id=15340, stack(0x00000009e7300000,0x00000009e7400000) (1024K)]
Total: 7

Threads with active compile tasks:
C2 CompilerThread0  205  126       4       java.lang.String::hashCode (60 bytes)
C1 CompilerThread0  205  125 %     3       java.util.Properties$LineReader::readLine @ 224 (584 bytes)
Total: 2

VM state: not at safepoint (normal execution)

VM Mutex/Monitor currently owned by a thread: None

Heap address: 0x0000000600c00000, size: 8180 MB, Compressed Oops mode: Zero based, Oop shift amount: 3

CDS archive(s) mapped at: [0x000001de29000000-0x000001de2ac20000-0x000001de2ac20000), size 29491200, SharedBaseAddress: 0x000001de29000000, ArchiveRelocationMode: 1.
Compressed class space mapped at: 0x000001de2b000000-0x000001de6b000000, reserved size: 1073741824
Narrow klass base: 0x000001de29000000, Narrow klass shift: 0, Narrow klass range: 0x100000000

GC Precious Log:
 CardTable entry size: 512
 Card Set container configuration: InlinePtr #cards 4 size 8 Array Of Cards #cards 32 size 80 Howl #buckets 8 coarsen threshold 7372 Howl Bitmap #cards 1024 size 144 coarsen threshold 921 Card regions per heap region 1 cards per card region 8192
 CPUs: 12 total, 12 available
 Memory: 32710M
 Large Page Support: Disabled
 NUMA Support: Disabled
 Compressed Oops: Enabled (Zero based)
 Heap Region Size: 4M
 Heap Min Capacity: 8M
 Heap Initial Capacity: 512M
 Heap Max Capacity: 8180M
 Pre-touch: Disabled
 Parallel Workers: 10
 Concurrent Workers: 3
 Concurrent Refinement Workers: 10
 Periodic GC: Disabled

Heap:
 garbage-first heap   total 524288K, used 0K [0x0000000600c00000, 0x0000000800000000)
  region size 4096K, 1 young (4096K), 0 survivors (0K)
 Metaspace       used 265K, committed 448K, reserved 1114112K
  class space    used 18K, committed 128K, reserved 1048576K

Heap Regions: E=young(eden), S=young(survivor), O=old, HS=humongous(starts), HC=humongous(continues), CS=collection set, F=free, TAMS=top-at-mark-start, PB=parsable bottom
|   0|0x0000000600c00000, 0x0000000600c00000, 0x0000000601000000|  0%| F|  |TAMS 0x0000000600c00000| PB 0x0000000600c00000| Untracked 
|   1|0x0000000601000000, 0x0000000601000000, 0x0000000601400000|  0%| F|  |TAMS 0x0000000601000000| PB 0x0000000601000000| Untracked 
|   2|0x0000000601400000, 0x0000000601400000, 0x0000000601800000|  0%| F|  |TAMS 0x0000000601400000| PB 0x0000000601400000| Untracked 
|   3|0x0000000601800000, 0x0000000601800000, 0x0000000601c00000|  0%| F|  |TAMS 0x0000000601800000| PB 0x0000000601800000| Untracked 
|   4|0x0000000601c00000, 0x0000000601c00000, 0x0000000602000000|  0%| F|  |TAMS 0x0000000601c00000| PB 0x0000000601c00000| Untracked 
|   5|0x0000000602000000, 0x0000000602000000, 0x0000000602400000|  0%| F|  |TAMS 0x0000000602000000| PB 0x0000000602000000| Untracked 
|   6|0x0000000602400000, 0x0000000602400000, 0x0000000602800000|  0%| F|  |TAMS 0x0000000602400000| PB 0x0000000602400000| Untracked 
|   7|0x0000000602800000, 0x0000000602800000, 0x0000000602c00000|  0%| F|  |TAMS 0x0000000602800000| PB 0x0000000602800000| Untracked 
|   8|0x0000000602c00000, 0x0000000602c00000, 0x0000000603000000|  0%| F|  |TAMS 0x0000000602c00000| PB 0x0000000602c00000| Untracked 
|   9|0x0000000603000000, 0x0000000603000000, 0x0000000603400000|  0%| F|  |TAMS 0x0000000603000000| PB 0x0000000603000000| Untracked 
|  10|0x0000000603400000, 0x0000000603400000, 0x0000000603800000|  0%| F|  |TAMS 0x0000000603400000| PB 0x0000000603400000| Untracked 
|  11|0x0000000603800000, 0x0000000603800000, 0x0000000603c00000|  0%| F|  |TAMS 0x0000000603800000| PB 0x0000000603800000| Untracked 
|  12|0x0000000603c00000, 0x0000000603c00000, 0x0000000604000000|  0%| F|  |TAMS 0x0000000603c00000| PB 0x0000000603c00000| Untracked 
|  13|0x0000000604000000, 0x0000000604000000, 0x0000000604400000|  0%| F|  |TAMS 0x0000000604000000| PB 0x0000000604000000| Untracked 
|  14|0x0000000604400000, 0x0000000604400000, 0x0000000604800000|  0%| F|  |TAMS 0x0000000604400000| PB 0x0000000604400000| Untracked 
|  15|0x0000000604800000, 0x0000000604800000, 0x0000000604c00000|  0%| F|  |TAMS 0x0000000604800000| PB 0x0000000604800000| Untracked 
|  16|0x0000000604c00000, 0x0000000604c00000, 0x0000000605000000|  0%| F|  |TAMS 0x0000000604c00000| PB 0x0000000604c00000| Untracked 
|  17|0x0000000605000000, 0x0000000605000000, 0x0000000605400000|  0%| F|  |TAMS 0x0000000605000000| PB 0x0000000605000000| Untracked 
|  18|0x0000000605400000, 0x0000000605400000, 0x0000000605800000|  0%| F|  |TAMS 0x0000000605400000| PB 0x0000000605400000| Untracked 
|  19|0x0000000605800000, 0x0000000605800000, 0x0000000605c00000|  0%| F|  |TAMS 0x0000000605800000| PB 0x0000000605800000| Untracked 
|  20|0x0000000605c00000, 0x0000000605c00000, 0x0000000606000000|  0%| F|  |TAMS 0x0000000605c00000| PB 0x0000000605c00000| Untracked 
|  21|0x0000000606000000, 0x0000000606000000, 0x0000000606400000|  0%| F|  |TAMS 0x0000000606000000| PB 0x0000000606000000| Untracked 
|  22|0x0000000606400000, 0x0000000606400000, 0x0000000606800000|  0%| F|  |TAMS 0x0000000606400000| PB 0x0000000606400000| Untracked 
|  23|0x0000000606800000, 0x0000000606800000, 0x0000000606c00000|  0%| F|  |TAMS 0x0000000606800000| PB 0x0000000606800000| Untracked 
|  24|0x0000000606c00000, 0x0000000606c00000, 0x0000000607000000|  0%| F|  |TAMS 0x0000000606c00000| PB 0x0000000606c00000| Untracked 
|  25|0x0000000607000000, 0x0000000607000000, 0x0000000607400000|  0%| F|  |TAMS 0x0000000607000000| PB 0x0000000607000000| Untracked 
|  26|0x0000000607400000, 0x0000000607400000, 0x0000000607800000|  0%| F|  |TAMS 0x0000000607400000| PB 0x0000000607400000| Untracked 
|  27|0x0000000607800000, 0x0000000607800000, 0x0000000607c00000|  0%| F|  |TAMS 0x0000000607800000| PB 0x0000000607800000| Untracked 
|  28|0x0000000607c00000, 0x0000000607c00000, 0x0000000608000000|  0%| F|  |TAMS 0x0000000607c00000| PB 0x0000000607c00000| Untracked 
|  29|0x0000000608000000, 0x0000000608000000, 0x0000000608400000|  0%| F|  |TAMS 0x0000000608000000| PB 0x0000000608000000| Untracked 
|  30|0x0000000608400000, 0x0000000608400000, 0x0000000608800000|  0%| F|  |TAMS 0x0000000608400000| PB 0x0000000608400000| Untracked 
|  31|0x0000000608800000, 0x0000000608800000, 0x0000000608c00000|  0%| F|  |TAMS 0x0000000608800000| PB 0x0000000608800000| Untracked 
|  32|0x0000000608c00000, 0x0000000608c00000, 0x0000000609000000|  0%| F|  |TAMS 0x0000000608c00000| PB 0x0000000608c00000| Untracked 
|  33|0x0000000609000000, 0x0000000609000000, 0x0000000609400000|  0%| F|  |TAMS 0x0000000609000000| PB 0x0000000609000000| Untracked 
|  34|0x0000000609400000, 0x0000000609400000, 0x0000000609800000|  0%| F|  |TAMS 0x0000000609400000| PB 0x0000000609400000| Untracked 
|  35|0x0000000609800000, 0x0000000609800000, 0x0000000609c00000|  0%| F|  |TAMS 0x0000000609800000| PB 0x0000000609800000| Untracked 
|  36|0x0000000609c00000, 0x0000000609c00000, 0x000000060a000000|  0%| F|  |TAMS 0x0000000609c00000| PB 0x0000000609c00000| Untracked 
|  37|0x000000060a000000, 0x000000060a000000, 0x000000060a400000|  0%| F|  |TAMS 0x000000060a000000| PB 0x000000060a000000| Untracked 
|  38|0x000000060a400000, 0x000000060a400000, 0x000000060a800000|  0%| F|  |TAMS 0x000000060a400000| PB 0x000000060a400000| Untracked 
|  39|0x000000060a800000, 0x000000060a800000, 0x000000060ac00000|  0%| F|  |TAMS 0x000000060a800000| PB 0x000000060a800000| Untracked 
|  40|0x000000060ac00000, 0x000000060ac00000, 0x000000060b000000|  0%| F|  |TAMS 0x000000060ac00000| PB 0x000000060ac00000| Untracked 
|  41|0x000000060b000000, 0x000000060b000000, 0x000000060b400000|  0%| F|  |TAMS 0x000000060b000000| PB 0x000000060b000000| Untracked 
|  42|0x000000060b400000, 0x000000060b400000, 0x000000060b800000|  0%| F|  |TAMS 0x000000060b400000| PB 0x000000060b400000| Untracked 
|  43|0x000000060b800000, 0x000000060b800000, 0x000000060bc00000|  0%| F|  |TAMS 0x000000060b800000| PB 0x000000060b800000| Untracked 
|  44|0x000000060bc00000, 0x000000060bc00000, 0x000000060c000000|  0%| F|  |TAMS 0x000000060bc00000| PB 0x000000060bc00000| Untracked 
|  45|0x000000060c000000, 0x000000060c000000, 0x000000060c400000|  0%| F|  |TAMS 0x000000060c000000| PB 0x000000060c000000| Untracked 
|  46|0x000000060c400000, 0x000000060c400000, 0x000000060c800000|  0%| F|  |TAMS 0x000000060c400000| PB 0x000000060c400000| Untracked 
|  47|0x000000060c800000, 0x000000060c800000, 0x000000060cc00000|  0%| F|  |TAMS 0x000000060c800000| PB 0x000000060c800000| Untracked 
|  48|0x000000060cc00000, 0x000000060cc00000, 0x000000060d000000|  0%| F|  |TAMS 0x000000060cc00000| PB 0x000000060cc00000| Untracked 
|  49|0x000000060d000000, 0x000000060d000000, 0x000000060d400000|  0%| F|  |TAMS 0x000000060d000000| PB 0x000000060d000000| Untracked 
|  50|0x000000060d400000, 0x000000060d400000, 0x000000060d800000|  0%| F|  |TAMS 0x000000060d400000| PB 0x000000060d400000| Untracked 
|  51|0x000000060d800000, 0x000000060d800000, 0x000000060dc00000|  0%| F|  |TAMS 0x000000060d800000| PB 0x000000060d800000| Untracked 
|  52|0x000000060dc00000, 0x000000060dc00000, 0x000000060e000000|  0%| F|  |TAMS 0x000000060dc00000| PB 0x000000060dc00000| Untracked 
|  53|0x000000060e000000, 0x000000060e000000, 0x000000060e400000|  0%| F|  |TAMS 0x000000060e000000| PB 0x000000060e000000| Untracked 
|  54|0x000000060e400000, 0x000000060e400000, 0x000000060e800000|  0%| F|  |TAMS 0x000000060e400000| PB 0x000000060e400000| Untracked 
|  55|0x000000060e800000, 0x000000060e800000, 0x000000060ec00000|  0%| F|  |TAMS 0x000000060e800000| PB 0x000000060e800000| Untracked 
|  56|0x000000060ec00000, 0x000000060ec00000, 0x000000060f000000|  0%| F|  |TAMS 0x000000060ec00000| PB 0x000000060ec00000| Untracked 
|  57|0x000000060f000000, 0x000000060f000000, 0x000000060f400000|  0%| F|  |TAMS 0x000000060f000000| PB 0x000000060f000000| Untracked 
|  58|0x000000060f400000, 0x000000060f400000, 0x000000060f800000|  0%| F|  |TAMS 0x000000060f400000| PB 0x000000060f400000| Untracked 
|  59|0x000000060f800000, 0x000000060f800000, 0x000000060fc00000|  0%| F|  |TAMS 0x000000060f800000| PB 0x000000060f800000| Untracked 
|  60|0x000000060fc00000, 0x000000060fc00000, 0x0000000610000000|  0%| F|  |TAMS 0x000000060fc00000| PB 0x000000060fc00000| Untracked 
|  61|0x0000000610000000, 0x0000000610000000, 0x0000000610400000|  0%| F|  |TAMS 0x0000000610000000| PB 0x0000000610000000| Untracked 
|  62|0x0000000610400000, 0x0000000610400000, 0x0000000610800000|  0%| F|  |TAMS 0x0000000610400000| PB 0x0000000610400000| Untracked 
|  63|0x0000000610800000, 0x0000000610800000, 0x0000000610c00000|  0%| F|  |TAMS 0x0000000610800000| PB 0x0000000610800000| Untracked 
|  64|0x0000000610c00000, 0x0000000610c00000, 0x0000000611000000|  0%| F|  |TAMS 0x0000000610c00000| PB 0x0000000610c00000| Untracked 
|  65|0x0000000611000000, 0x0000000611000000, 0x0000000611400000|  0%| F|  |TAMS 0x0000000611000000| PB 0x0000000611000000| Untracked 
|  66|0x0000000611400000, 0x0000000611400000, 0x0000000611800000|  0%| F|  |TAMS 0x0000000611400000| PB 0x0000000611400000| Untracked 
|  67|0x0000000611800000, 0x0000000611800000, 0x0000000611c00000|  0%| F|  |TAMS 0x0000000611800000| PB 0x0000000611800000| Untracked 
|  68|0x0000000611c00000, 0x0000000611c00000, 0x0000000612000000|  0%| F|  |TAMS 0x0000000611c00000| PB 0x0000000611c00000| Untracked 
|  69|0x0000000612000000, 0x0000000612000000, 0x0000000612400000|  0%| F|  |TAMS 0x0000000612000000| PB 0x0000000612000000| Untracked 
|  70|0x0000000612400000, 0x0000000612400000, 0x0000000612800000|  0%| F|  |TAMS 0x0000000612400000| PB 0x0000000612400000| Untracked 
|  71|0x0000000612800000, 0x0000000612800000, 0x0000000612c00000|  0%| F|  |TAMS 0x0000000612800000| PB 0x0000000612800000| Untracked 
|  72|0x0000000612c00000, 0x0000000612c00000, 0x0000000613000000|  0%| F|  |TAMS 0x0000000612c00000| PB 0x0000000612c00000| Untracked 
|  73|0x0000000613000000, 0x0000000613000000, 0x0000000613400000|  0%| F|  |TAMS 0x0000000613000000| PB 0x0000000613000000| Untracked 
|  74|0x0000000613400000, 0x0000000613400000, 0x0000000613800000|  0%| F|  |TAMS 0x0000000613400000| PB 0x0000000613400000| Untracked 
|  75|0x0000000613800000, 0x0000000613800000, 0x0000000613c00000|  0%| F|  |TAMS 0x0000000613800000| PB 0x0000000613800000| Untracked 
|  76|0x0000000613c00000, 0x0000000613c00000, 0x0000000614000000|  0%| F|  |TAMS 0x0000000613c00000| PB 0x0000000613c00000| Untracked 
|  77|0x0000000614000000, 0x0000000614000000, 0x0000000614400000|  0%| F|  |TAMS 0x0000000614000000| PB 0x0000000614000000| Untracked 
|  78|0x0000000614400000, 0x0000000614400000, 0x0000000614800000|  0%| F|  |TAMS 0x0000000614400000| PB 0x0000000614400000| Untracked 
|  79|0x0000000614800000, 0x0000000614800000, 0x0000000614c00000|  0%| F|  |TAMS 0x0000000614800000| PB 0x0000000614800000| Untracked 
|  80|0x0000000614c00000, 0x0000000614c00000, 0x0000000615000000|  0%| F|  |TAMS 0x0000000614c00000| PB 0x0000000614c00000| Untracked 
|  81|0x0000000615000000, 0x0000000615000000, 0x0000000615400000|  0%| F|  |TAMS 0x0000000615000000| PB 0x0000000615000000| Untracked 
|  82|0x0000000615400000, 0x0000000615400000, 0x0000000615800000|  0%| F|  |TAMS 0x0000000615400000| PB 0x0000000615400000| Untracked 
|  83|0x0000000615800000, 0x0000000615800000, 0x0000000615c00000|  0%| F|  |TAMS 0x0000000615800000| PB 0x0000000615800000| Untracked 
|  84|0x0000000615c00000, 0x0000000615c00000, 0x0000000616000000|  0%| F|  |TAMS 0x0000000615c00000| PB 0x0000000615c00000| Untracked 
|  85|0x0000000616000000, 0x0000000616000000, 0x0000000616400000|  0%| F|  |TAMS 0x0000000616000000| PB 0x0000000616000000| Untracked 
|  86|0x0000000616400000, 0x0000000616400000, 0x0000000616800000|  0%| F|  |TAMS 0x0000000616400000| PB 0x0000000616400000| Untracked 
|  87|0x0000000616800000, 0x0000000616800000, 0x0000000616c00000|  0%| F|  |TAMS 0x0000000616800000| PB 0x0000000616800000| Untracked 
|  88|0x0000000616c00000, 0x0000000616c00000, 0x0000000617000000|  0%| F|  |TAMS 0x0000000616c00000| PB 0x0000000616c00000| Untracked 
|  89|0x0000000617000000, 0x0000000617000000, 0x0000000617400000|  0%| F|  |TAMS 0x0000000617000000| PB 0x0000000617000000| Untracked 
|  90|0x0000000617400000, 0x0000000617400000, 0x0000000617800000|  0%| F|  |TAMS 0x0000000617400000| PB 0x0000000617400000| Untracked 
|  91|0x0000000617800000, 0x0000000617800000, 0x0000000617c00000|  0%| F|  |TAMS 0x0000000617800000| PB 0x0000000617800000| Untracked 
|  92|0x0000000617c00000, 0x0000000617c00000, 0x0000000618000000|  0%| F|  |TAMS 0x0000000617c00000| PB 0x0000000617c00000| Untracked 
|  93|0x0000000618000000, 0x0000000618000000, 0x0000000618400000|  0%| F|  |TAMS 0x0000000618000000| PB 0x0000000618000000| Untracked 
|  94|0x0000000618400000, 0x0000000618400000, 0x0000000618800000|  0%| F|  |TAMS 0x0000000618400000| PB 0x0000000618400000| Untracked 
|  95|0x0000000618800000, 0x0000000618800000, 0x0000000618c00000|  0%| F|  |TAMS 0x0000000618800000| PB 0x0000000618800000| Untracked 
|  96|0x0000000618c00000, 0x0000000618c00000, 0x0000000619000000|  0%| F|  |TAMS 0x0000000618c00000| PB 0x0000000618c00000| Untracked 
|  97|0x0000000619000000, 0x0000000619000000, 0x0000000619400000|  0%| F|  |TAMS 0x0000000619000000| PB 0x0000000619000000| Untracked 
|  98|0x0000000619400000, 0x0000000619400000, 0x0000000619800000|  0%| F|  |TAMS 0x0000000619400000| PB 0x0000000619400000| Untracked 
|  99|0x0000000619800000, 0x0000000619800000, 0x0000000619c00000|  0%| F|  |TAMS 0x0000000619800000| PB 0x0000000619800000| Untracked 
| 100|0x0000000619c00000, 0x0000000619c00000, 0x000000061a000000|  0%| F|  |TAMS 0x0000000619c00000| PB 0x0000000619c00000| Untracked 
| 101|0x000000061a000000, 0x000000061a000000, 0x000000061a400000|  0%| F|  |TAMS 0x000000061a000000| PB 0x000000061a000000| Untracked 
| 102|0x000000061a400000, 0x000000061a400000, 0x000000061a800000|  0%| F|  |TAMS 0x000000061a400000| PB 0x000000061a400000| Untracked 
| 103|0x000000061a800000, 0x000000061a800000, 0x000000061ac00000|  0%| F|  |TAMS 0x000000061a800000| PB 0x000000061a800000| Untracked 
| 104|0x000000061ac00000, 0x000000061ac00000, 0x000000061b000000|  0%| F|  |TAMS 0x000000061ac00000| PB 0x000000061ac00000| Untracked 
| 105|0x000000061b000000, 0x000000061b000000, 0x000000061b400000|  0%| F|  |TAMS 0x000000061b000000| PB 0x000000061b000000| Untracked 
| 106|0x000000061b400000, 0x000000061b400000, 0x000000061b800000|  0%| F|  |TAMS 0x000000061b400000| PB 0x000000061b400000| Untracked 
| 107|0x000000061b800000, 0x000000061b800000, 0x000000061bc00000|  0%| F|  |TAMS 0x000000061b800000| PB 0x000000061b800000| Untracked 
| 108|0x000000061bc00000, 0x000000061bc00000, 0x000000061c000000|  0%| F|  |TAMS 0x000000061bc00000| PB 0x000000061bc00000| Untracked 
| 109|0x000000061c000000, 0x000000061c000000, 0x000000061c400000|  0%| F|  |TAMS 0x000000061c000000| PB 0x000000061c000000| Untracked 
| 110|0x000000061c400000, 0x000000061c400000, 0x000000061c800000|  0%| F|  |TAMS 0x000000061c400000| PB 0x000000061c400000| Untracked 
| 111|0x000000061c800000, 0x000000061c800000, 0x000000061cc00000|  0%| F|  |TAMS 0x000000061c800000| PB 0x000000061c800000| Untracked 
| 112|0x000000061cc00000, 0x000000061cc00000, 0x000000061d000000|  0%| F|  |TAMS 0x000000061cc00000| PB 0x000000061cc00000| Untracked 
| 113|0x000000061d000000, 0x000000061d000000, 0x000000061d400000|  0%| F|  |TAMS 0x000000061d000000| PB 0x000000061d000000| Untracked 
| 114|0x000000061d400000, 0x000000061d400000, 0x000000061d800000|  0%| F|  |TAMS 0x000000061d400000| PB 0x000000061d400000| Untracked 
| 115|0x000000061d800000, 0x000000061d800000, 0x000000061dc00000|  0%| F|  |TAMS 0x000000061d800000| PB 0x000000061d800000| Untracked 
| 116|0x000000061dc00000, 0x000000061dc00000, 0x000000061e000000|  0%| F|  |TAMS 0x000000061dc00000| PB 0x000000061dc00000| Untracked 
| 117|0x000000061e000000, 0x000000061e000000, 0x000000061e400000|  0%| F|  |TAMS 0x000000061e000000| PB 0x000000061e000000| Untracked 
| 118|0x000000061e400000, 0x000000061e400000, 0x000000061e800000|  0%| F|  |TAMS 0x000000061e400000| PB 0x000000061e400000| Untracked 
| 119|0x000000061e800000, 0x000000061e800000, 0x000000061ec00000|  0%| F|  |TAMS 0x000000061e800000| PB 0x000000061e800000| Untracked 
| 120|0x000000061ec00000, 0x000000061ec00000, 0x000000061f000000|  0%| F|  |TAMS 0x000000061ec00000| PB 0x000000061ec00000| Untracked 
| 121|0x000000061f000000, 0x000000061f000000, 0x000000061f400000|  0%| F|  |TAMS 0x000000061f000000| PB 0x000000061f000000| Untracked 
| 122|0x000000061f400000, 0x000000061f400000, 0x000000061f800000|  0%| F|  |TAMS 0x000000061f400000| PB 0x000000061f400000| Untracked 
| 123|0x000000061f800000, 0x000000061f800000, 0x000000061fc00000|  0%| F|  |TAMS 0x000000061f800000| PB 0x000000061f800000| Untracked 
| 124|0x000000061fc00000, 0x000000061fc00000, 0x0000000620000000|  0%| F|  |TAMS 0x000000061fc00000| PB 0x000000061fc00000| Untracked 
| 125|0x0000000620000000, 0x0000000620000000, 0x0000000620400000|  0%| F|  |TAMS 0x0000000620000000| PB 0x0000000620000000| Untracked 
| 126|0x0000000620400000, 0x0000000620400000, 0x0000000620800000|  0%| F|  |TAMS 0x0000000620400000| PB 0x0000000620400000| Untracked 
| 127|0x0000000620800000, 0x0000000620b5c498, 0x0000000620c00000| 84%| E|  |TAMS 0x0000000620800000| PB 0x0000000620800000| Complete 

Card table byte_map: [0x000001de1d120000,0x000001de1e120000] _byte_map_base: 0x000001de1a11a000

Marking Bits: (CMBitMap*) 0x000001de08c23860
 Bits: [0x000001de1e120000, 0x000001de260f0000)

Polling page: 0x000001de06900000

Metaspace:

Usage:
  Non-class:    249.70 KB used.
      Class:     18.38 KB used.
       Both:    268.08 KB used.

Virtual space:
  Non-class space:       64.00 MB reserved,     320.00 KB ( <1%) committed,  1 nodes.
      Class space:        1.00 GB reserved,     128.00 KB ( <1%) committed,  1 nodes.
             Both:        1.06 GB reserved,     448.00 KB ( <1%) committed. 

Chunk freelists:
   Non-Class:  11.97 MB
       Class:  15.74 MB
        Both:  27.72 MB

MaxMetaspaceSize: unlimited
CompressedClassSpaceSize: 1.00 GB
Initial GC threshold: 21.00 MB
Current GC threshold: 21.00 MB
CDS: on
 - commit_granule_bytes: 65536.
 - commit_granule_words: 8192.
 - virtual_space_node_default_size: 8388608.
 - enlarge_chunks_in_place: 1.
 - use_allocation_guard: 0.


Internal statistics:

num_allocs_failed_limit: 0.
num_arena_births: 6.
num_arena_deaths: 0.
num_vsnodes_births: 2.
num_vsnodes_deaths: 0.
num_space_committed: 7.
num_space_uncommitted: 0.
num_chunks_returned_to_freelist: 0.
num_chunks_taken_from_freelist: 11.
num_chunk_merges: 0.
num_chunk_splits: 7.
num_chunks_enlarged: 4.
num_inconsistent_stats: 0.

CodeHeap 'non-profiled nmethods': size=120000Kb used=38Kb max_used=38Kb free=119961Kb
 bounds [0x000001de146a0000, 0x000001de14910000, 0x000001de1bbd0000]
CodeHeap 'profiled nmethods': size=120000Kb used=143Kb max_used=143Kb free=119856Kb
 bounds [0x000001de0cbd0000, 0x000001de0ce40000, 0x000001de14100000]
CodeHeap 'non-nmethods': size=5760Kb used=1236Kb max_used=1236Kb free=4523Kb
 bounds [0x000001de14100000, 0x000001de14370000, 0x000001de146a0000]
CodeCache: size=245760Kb, used=1417Kb, max_used=1417Kb, free=244340Kb
 total_blobs=530, nmethods=126, adapters=309, full_count=0
Compilation: enabled, stopped_count=0, restarted_count=0

Compilation events (20 events):
Event: 0.172 Thread 0x000001de6f01eb50  115   !   3       java.lang.ref.NativeReferenceQueue::poll (28 bytes)
Event: 0.172 Thread 0x000001de6f01eb50 nmethod 115 0x000001de0cbf1810 code [0x000001de0cbf19e0, 0x000001de0cbf1d30]
Event: 0.172 Thread 0x000001de6f01eb50  116       3       java.lang.AbstractStringBuilder::putStringAt (19 bytes)
Event: 0.173 Thread 0x000001de6f01eb50 nmethod 116 0x000001de0cbf1e90 code [0x000001de0cbf2060, 0x000001de0cbf2338]
Event: 0.173 Thread 0x000001de6f01eb50  117       3       java.lang.AbstractStringBuilder::inflateIfNeededFor (22 bytes)
Event: 0.173 Thread 0x000001de6f01eb50 nmethod 117 0x000001de0cbf2490 code [0x000001de0cbf2640, 0x000001de0cbf2850]
Event: 0.173 Thread 0x000001de6f01eb50  118       3       java.lang.StringBuilder::append (8 bytes)
Event: 0.174 Thread 0x000001de6f01eb50 nmethod 118 0x000001de0cbf2990 code [0x000001de0cbf2b40, 0x000001de0cbf2c90]
Event: 0.174 Thread 0x000001de6f01eb50  119       3       java.lang.AbstractStringBuilder::append (45 bytes)
Event: 0.174 Thread 0x000001de6f01eb50 nmethod 119 0x000001de0cbf2d10 code [0x000001de0cbf2f20, 0x000001de0cbf3450]
Event: 0.174 Thread 0x000001de6f01eb50  120       1       java.lang.AbstractStringBuilder::getValue (5 bytes)
Event: 0.174 Thread 0x000001de6f01eb50 nmethod 120 0x000001de146a7f90 code [0x000001de146a8120, 0x000001de146a81f0]
Event: 0.174 Thread 0x000001de6f01eb50  121       1       java.lang.AbstractStringBuilder::length (5 bytes)
Event: 0.174 Thread 0x000001de6f01eb50 nmethod 121 0x000001de146a8290 code [0x000001de146a8420, 0x000001de146a84e8]
Event: 0.177 Thread 0x000001de6f01eb50  123       3       jdk.internal.misc.Unsafe::putReferenceRelease (9 bytes)
Event: 0.177 Thread 0x000001de6f01eb50 nmethod 123 0x000001de0cbf3690 code [0x000001de0cbf3820, 0x000001de0cbf3988]
Event: 0.177 Thread 0x000001de6f01eb50  124       3       java.util.concurrent.ConcurrentHashMap::setTabAt (20 bytes)
Event: 0.177 Thread 0x000001de6f01eb50 nmethod 124 0x000001de0cbf3a10 code [0x000001de0cbf3bc0, 0x000001de0cbf3dd8]
Event: 0.177 Thread 0x000001de6f01eb50  125 %     3       java.util.Properties$LineReader::readLine @ 224 (584 bytes)
Event: 0.178 Thread 0x000001de6f01dd50  126       4       java.lang.String::hashCode (60 bytes)

GC Heap History (0 events):
No events

Dll operation events (1 events):
Event: 0.028 Loaded shared library F:\Program Files\JetBrains\IntelliJ IDEA 2025.3.1.1\jbr\bin\java.dll

Deoptimization events (0 events):
No events

Classes loaded (2 events):
Event: 0.135 Loading class jdk/internal/vm/PostVMInitHook
Event: 0.135 Loading class jdk/internal/vm/PostVMInitHook done

Classes unloaded (0 events):
No events

Classes redefined (0 events):
No events

Internal exceptions (0 events):
No events

ZGC Phase Switch (0 events):
No events

VM Operations (2 events):
Event: 0.158 Executing VM operation: HandshakeAllThreads (Deoptimize)
Event: 0.158 Executing VM operation: HandshakeAllThreads (Deoptimize) done

Memory protections (0 events):
No events

Nmethod flushes (0 events):
No events

Events (14 events):
Event: 0.089 Thread 0x000001de066751d0 Thread added: 0x000001de066751d0
Event: 0.110 Thread 0x000001de066751d0 Thread added: 0x000001de6f00f610
Event: 0.111 Thread 0x000001de066751d0 Thread added: 0x000001de6f015860
Event: 0.112 Thread 0x000001de066751d0 Thread added: 0x000001de6f01a490
Event: 0.112 Thread 0x000001de066751d0 Thread added: 0x000001de6f01b0a0
Event: 0.112 Thread 0x000001de066751d0 Thread added: 0x000001de6f01bb00
Event: 0.112 Thread 0x000001de066751d0 Thread added: 0x000001de6f01c560
Event: 0.112 Thread 0x000001de066751d0 Thread added: 0x000001de6f01cfc0
Event: 0.112 Thread 0x000001de066751d0 Thread added: 0x000001de6f01dd50
Event: 0.112 Thread 0x000001de066751d0 Thread added: 0x000001de6f01eb50
Event: 0.135 Thread 0x000001de066751d0 Thread added: 0x000001de6f178ca0
Event: 0.141 Loaded shared library F:\Program Files\JetBrains\IntelliJ IDEA 2025.3.1.1\jbr\bin\net.dll
Event: 0.143 Loaded shared library F:\Program Files\JetBrains\IntelliJ IDEA 2025.3.1.1\jbr\bin\nio.dll
Event: 0.147 Loaded shared library F:\Program Files\JetBrains\IntelliJ IDEA 2025.3.1.1\jbr\bin\zip.dll


Dynamic libraries:
0x00007ff7db3c0000 - 0x00007ff7db3ca000 	F:\Program Files\JetBrains\IntelliJ IDEA 2025.3.1.1\jbr\bin\java.exe
0x00007ff98bb40000 - 0x00007ff98bda8000 	C:\WINDOWS\SYSTEM32\ntdll.dll
0x00007ff98aba0000 - 0x00007ff98ac69000 	C:\WINDOWS\System32\KERNEL32.DLL
0x00007ff989030000 - 0x00007ff989422000 	C:\WINDOWS\System32\KERNELBASE.dll
0x00007ff988e00000 - 0x00007ff988f4b000 	C:\WINDOWS\System32\ucrtbase.dll
0x00007ff968000000 - 0x00007ff968018000 	F:\Program Files\JetBrains\IntelliJ IDEA 2025.3.1.1\jbr\bin\jli.dll
0x00007ff98af80000 - 0x00007ff98b145000 	C:\WINDOWS\System32\USER32.dll
0x00007ff988f50000 - 0x00007ff988f77000 	C:\WINDOWS\System32\win32u.dll
0x00007ff98ad60000 - 0x00007ff98ad8b000 	C:\WINDOWS\System32\GDI32.dll
0x00007ff988cd0000 - 0x00007ff988dfd000 	C:\WINDOWS\System32\gdi32full.dll
0x00007ff988f80000 - 0x00007ff989023000 	C:\WINDOWS\System32\msvcp_win.dll
0x00007ff9810c0000 - 0x00007ff9810db000 	F:\Program Files\JetBrains\IntelliJ IDEA 2025.3.1.1\jbr\bin\VCRUNTIME140.dll
0x00007ff967980000 - 0x00007ff967c13000 	C:\WINDOWS\WinSxS\amd64_microsoft.windows.common-controls_6595b64144ccf1df_6.0.26100.6899_none_3e0efeeae32e88c1\COMCTL32.dll
0x00007ff98b8b0000 - 0x00007ff98b959000 	C:\WINDOWS\System32\msvcrt.dll
0x00007ff98b870000 - 0x00007ff98b89f000 	C:\WINDOWS\System32\IMM32.DLL
0x00007ff983b30000 - 0x00007ff983b3c000 	F:\Program Files\JetBrains\IntelliJ IDEA 2025.3.1.1\jbr\bin\vcruntime140_1.dll
0x00007ff8d90c0000 - 0x00007ff8d914d000 	F:\Program Files\JetBrains\IntelliJ IDEA 2025.3.1.1\jbr\bin\msvcp140.dll
0x00007ff8e4050000 - 0x00007ff8e4e1d000 	F:\Program Files\JetBrains\IntelliJ IDEA 2025.3.1.1\jbr\bin\server\jvm.dll
0x00007ff98b290000 - 0x00007ff98b344000 	C:\WINDOWS\System32\ADVAPI32.dll
0x00007ff98aca0000 - 0x00007ff98ad46000 	C:\WINDOWS\System32\sechost.dll
0x00007ff98b6d0000 - 0x00007ff98b7e8000 	C:\WINDOWS\System32\RPCRT4.dll
0x00007ff98af00000 - 0x00007ff98af74000 	C:\WINDOWS\System32\WS2_32.dll
0x00007ff988990000 - 0x00007ff9889ee000 	C:\WINDOWS\SYSTEM32\POWRPROF.dll
0x00007ff97a790000 - 0x00007ff97a7c5000 	C:\WINDOWS\SYSTEM32\WINMM.dll
0x00007ff982690000 - 0x00007ff98269b000 	C:\WINDOWS\SYSTEM32\VERSION.dll
0x00007ff988970000 - 0x00007ff988984000 	C:\WINDOWS\SYSTEM32\UMPDC.dll
0x00007ff987a60000 - 0x00007ff987a7b000 	C:\WINDOWS\SYSTEM32\kernel.appcore.dll
0x00007ff977250000 - 0x00007ff97725a000 	F:\Program Files\JetBrains\IntelliJ IDEA 2025.3.1.1\jbr\bin\jimage.dll
0x00007ff977260000 - 0x00007ff9774a2000 	C:\WINDOWS\SYSTEM32\DBGHELP.DLL
0x00007ff98b350000 - 0x00007ff98b6cb000 	C:\WINDOWS\System32\combase.dll
0x00007ff98b150000 - 0x00007ff98b227000 	C:\WINDOWS\System32\OLEAUT32.dll
0x00007ff985d30000 - 0x00007ff985d6c000 	C:\WINDOWS\SYSTEM32\dbgcore.DLL
0x00007ff9897e0000 - 0x00007ff989878000 	C:\WINDOWS\System32\bcryptPrimitives.dll
0x00007ff977230000 - 0x00007ff977250000 	F:\Program Files\JetBrains\IntelliJ IDEA 2025.3.1.1\jbr\bin\java.dll
0x00007ff989a10000 - 0x00007ff98a15d000 	C:\WINDOWS\System32\SHELL32.dll
0x00007ff989430000 - 0x00007ff98959b000 	C:\WINDOWS\System32\wintypes.dll
0x00007ff986900000 - 0x00007ff98715d000 	C:\WINDOWS\SYSTEM32\windows.storage.dll
0x00007ff98a7a0000 - 0x00007ff98a892000 	C:\WINDOWS\System32\SHCORE.dll
0x00007ff98ab30000 - 0x00007ff98ab92000 	C:\WINDOWS\System32\shlwapi.dll
0x00007ff988bf0000 - 0x00007ff988c19000 	C:\WINDOWS\SYSTEM32\profapi.dll
0x00007ff973c30000 - 0x00007ff973c40000 	F:\Program Files\JetBrains\IntelliJ IDEA 2025.3.1.1\jbr\bin\net.dll
0x00007ff9823d0000 - 0x00007ff9824ef000 	C:\WINDOWS\SYSTEM32\WINHTTP.dll
0x00007ff987fb0000 - 0x00007ff98801b000 	C:\WINDOWS\system32\mswsock.dll
0x00007ff970440000 - 0x00007ff970456000 	F:\Program Files\JetBrains\IntelliJ IDEA 2025.3.1.1\jbr\bin\nio.dll
0x00007ff973c40000 - 0x00007ff973c58000 	F:\Program Files\JetBrains\IntelliJ IDEA 2025.3.1.1\jbr\bin\zip.dll

JVMTI agents: none

dbghelp: loaded successfully - version: 4.0.5 - missing functions: none
symbol engine: initialized successfully - sym options: 0x614 - pdb path: .;F:\Program Files\JetBrains\IntelliJ IDEA 2025.3.1.1\jbr\bin;C:\WINDOWS\SYSTEM32;C:\WINDOWS\WinSxS\amd64_microsoft.windows.common-controls_6595b64144ccf1df_6.0.26100.6899_none_3e0efeeae32e88c1;F:\Program Files\JetBrains\IntelliJ IDEA 2025.3.1.1\jbr\bin\server

VM Arguments:
java_command: git4idea.http.GitAskPassApp Password for 'https://geloquan@github.com': 
java_class_path (initial): F:/Program Files/JetBrains/IntelliJ IDEA 2025.3.1.1/plugins/vcs-git/lib/git4idea-rt.jar;F:/Program Files/JetBrains/IntelliJ IDEA 2025.3.1.1/lib/externalProcess-rt.jar
Launcher Type: SUN_STANDARD

[Global flags]
     intx CICompilerCount                          = 4                                         {product} {ergonomic}
     uint ConcGCThreads                            = 3                                         {product} {ergonomic}
     uint G1ConcRefinementThreads                  = 10                                        {product} {ergonomic}
   size_t G1HeapRegionSize                         = 4194304                                   {product} {ergonomic}
    uintx GCDrainStackTargetSize                   = 64                                        {product} {ergonomic}
   size_t InitialHeapSize                          = 536870912                                 {product} {ergonomic}
   size_t MarkStackSize                            = 4194304                                   {product} {ergonomic}
   size_t MaxHeapSize                              = 8577351680                                {product} {ergonomic}
   size_t MaxNewSize                               = 5146411008                                {product} {ergonomic}
   size_t MinHeapDeltaBytes                        = 4194304                                   {product} {ergonomic}
   size_t MinHeapSize                              = 8388608                                   {product} {ergonomic}
    uintx NonNMethodCodeHeapSize                   = 5839372                                {pd product} {ergonomic}
    uintx NonProfiledCodeHeapSize                  = 122909434                              {pd product} {ergonomic}
    uintx ProfiledCodeHeapSize                     = 122909434                              {pd product} {ergonomic}
    uintx ReservedCodeCacheSize                    = 251658240                              {pd product} {ergonomic}
     bool SegmentedCodeCache                       = true                                      {product} {ergonomic}
   size_t SoftMaxHeapSize                          = 8577351680                             {manageable} {ergonomic}
     bool UseCompressedOops                        = true                           {product lp64_product} {ergonomic}
     bool UseG1GC                                  = true                                      {product} {ergonomic}
     bool UseLargePagesIndividualAllocation        = false                                  {pd product} {ergonomic}

Logging:
Log output configuration:
 #0: stdout all=warning uptime,level,tags foldmultilines=false
 #1: stderr all=off uptime,level,tags foldmultilines=false

Release file:
<release file has not been read>
Environment Variables:
JAVA_HOME=F:\Program Files\Java\jdk-23
PATH=C:/Program Files/Git/mingw64/libexec/git-core;C:/Program Files/Git/mingw64/libexec/git-core;C:\Program Files\Git\mingw64\bin;C:\Program Files\Git\usr\bin;C:\Users\marco\bin;C:\WINDOWS\system32;C:\WINDOWS;C:\WINDOWS\System32\Wbem;C:\WINDOWS\System32\WindowsPowerShell\v1.0\;C:\WINDOWS\System32\OpenSSH\;F:\Program Files\postgresql\pgsql-17\bin;F:\Program Files\Git\bin;F:\Program Files\Memurai;C:\Program Files\Git\cmd;C:\Program Files\nodejs\;C:\Program Files\nodejs\node.exe;C:\Program Files\nodejs;C:\Program Files\Memurai\;F:\Program Files\php-8.4.7\php.exe;F:\Program Files\php-8.4.7;C:\composer;C:\ProgramData\ComposerSetup\bin;F:\Program Files\PuTTY\;C:\Program Files\Tailscale\;F:\Program Files\Java\jdk-23\bin;F:\Program Files\Java\jdk-23\bin;F:\Android\Sdk\cmdline-tools\latest\bin;F:\Android\Sdk\cmdline-tools\bin;F:\Android\Sdk\platform-tools;C:\Users\marco\AppData\Local\Programs\Python\Python311\Scripts\;C:\Users\marco\AppData\Local\Programs\Python\Python311\;C:\Users\marco\AppData\Local\Microsoft\WindowsApps;C:\Users\marco\AppData\Roaming\npm;C:\Users\marco\AppData\Local\Programs\Microsoft VS Code\bin;C:\Users\marco\composer;C:\Users\marco\AppData\Roaming\Composer\vendor\bin;C:\Users\marco\AppData\Local\Python\bin
USERNAME=marco
DISPLAY=:0.0
LC_ALL=en_US.UTF-8
TERM=xterm-256color
TMPDIR=C:\Users\marco\AppData\Local\Temp
OS=Windows_NT
PROCESSOR_IDENTIFIER=AMD64 Family 23 Model 113 Stepping 0, AuthenticAMD
TMP=C:\Users\marco\AppData\Local\Temp
TEMP=C:\Users\marco\AppData\Local\Temp




Periodic native trim disabled

JNI global refs:
JNI global refs: 8, weak refs: 0

JNI global refs memory usage: 835, weak refs: 201

Process memory usage:
Resident Set Size: 56040K (0% of 33495640K total physical memory with 4289396K free physical memory)

OOME stack traces (most recent first):
Classloader memory used:
Loader bootstrap                                                                       : 247K
Loader jdk.internal.loader.ClassLoaders$AppClassLoader                                 : 28032B

---------------  S Y S T E M  ---------------

OS:
 Windows 11 , 64 bit Build 26100 (10.0.26100.6725)
OS uptime: 2 days 2:18 hours
Hyper-V role detected

CPU: total 12 (initial active 12) (12 cores per cpu, 2 threads per core) family 23 model 113 stepping 0 microcode 0x8701021, cx8, cmov, fxsr, ht, mmx, 3dnowpref, sse, sse2, sse3, ssse3, sse4a, sse4.1, sse4.2, popcnt, lzcnt, tsc, tscinvbit, avx, avx2, aes, clmul, bmi1, bmi2, adx, sha, fma, vzeroupper, clflush, clflushopt, hv, rdtscp, rdpid, f16c
Processor Information for the first 12 processors :
  Max Mhz: 3600, Current Mhz: 3600, Mhz Limit: 3600

Memory: 4k page, system-wide physical 32710M (4188M free)
TotalPageFile size 43685M (AvailPageFile size 1M)
current process WorkingSet (physical memory assigned to process): 54M, peak: 54M
current process commit charge ("private bytes"): 621M, peak: 622M

vm_info: OpenJDK 64-Bit Server VM (21.0.9+1-b1163.86) for windows-amd64 JRE (21.0.9+1-b1163.86), built on 2025-12-02 by "builduser" with MS VC++ 16.10 / 16.11 (VS2019)

END.
